Copyright 1986-2020 Xilinx, Inc. All Rights Reserved.
-------------------------------------------------------------------------------------------
| Tool Version : Vivado v.2020.1 (win64) Build 2902540 Wed May 27 19:54:49 MDT 2020
| Date         : Sat Mar  6 12:55:53 2021
| Host         : DEV-WS1 running 64-bit major release  (build 9200)
| Command      : report_control_sets -verbose -file red_pitaya_top_control_sets_placed.rpt
| Design       : red_pitaya_top
| Device       : xc7z010
-------------------------------------------------------------------------------------------

Control Set Information

Table of Contents
-----------------
1. Summary
2. Histogram
3. Flip-Flop Distribution
4. Detailed Control Set Information

1. Summary
----------

+----------------------------------------------------------+-------+
|                          Status                          | Count |
+----------------------------------------------------------+-------+
| Total control sets                                       |   244 |
|    Minimum number of control sets                        |   244 |
|    Addition due to synthesis replication                 |     0 |
|    Addition due to physical synthesis replication        |     0 |
| Unused register locations in slices containing registers |   599 |
+----------------------------------------------------------+-------+
* Control sets can be merged at opt_design using control_set_merge or merge_equivalent_drivers
** Run report_qor_suggestions for automated merging and remapping suggestions


2. Histogram
------------

+--------------------+-------+
|       Fanout       | Count |
+--------------------+-------+
| Total control sets |   244 |
| >= 0 to < 4        |     3 |
| >= 4 to < 6        |    31 |
| >= 6 to < 8        |    10 |
| >= 8 to < 10       |    21 |
| >= 10 to < 12      |     2 |
| >= 12 to < 14      |    22 |
| >= 14 to < 16      |    38 |
| >= 16              |   117 |
+--------------------+-------+
* Control sets can be remapped at either synth_design or opt_design


3. Flip-Flop Distribution
-------------------------

+--------------+-----------------------+------------------------+-----------------+--------------+
| Clock Enable | Synchronous Set/Reset | Asynchronous Set/Reset | Total Registers | Total Slices |
+--------------+-----------------------+------------------------+-----------------+--------------+
| No           | No                    | No                     |             527 |          173 |
| No           | No                    | Yes                    |              17 |            4 |
| No           | Yes                   | No                     |            1242 |          371 |
| Yes          | No                    | No                     |            1573 |          495 |
| Yes          | No                    | Yes                    |               0 |            0 |
| Yes          | Yes                   | No                     |            2522 |          814 |
+--------------+-----------------------+------------------------+-----------------+--------------+


4. Detailed Control Set Information
-----------------------------------

+------------------------------------------------+----------------------------------------------------------------------------------------------------------------------------------------------------+-------------------------------------------------------------------------------------------------------------------------+------------------+----------------+--------------+
|                  Clock Signal                  |                                                                    Enable Signal                                                                   |                                                     Set/Reset Signal                                                    | Slice Load Count | Bel Load Count | Bels / Slice |
+------------------------------------------------+----------------------------------------------------------------------------------------------------------------------------------------------------+-------------------------------------------------------------------------------------------------------------------------+------------------+----------------+--------------+
|  adc_clk                                       | ps/axi_master[0]/axi_awpop                                                                                                                         | ps/axi_master[0]/axi_awburst_o[0]_i_1__0_n_0                                                                            |                1 |              1 |         1.00 |
|  adc_clk                                       | ps/axi_master[1]/axi_awpop                                                                                                                         | ps/axi_master[1]/axi_awburst_o[0]_i_1_n_0                                                                               |                1 |              1 |         1.00 |
|  ps/system_i/processing_system7/inst/FCLK_CLK3 | ps/system_i/axi_protocol_converter_0/inst/gen_axilite.gen_b2s_conv.axilite_b2s/WR.b_channel_0/bid_fifo_0/bresp_push                                |                                                                                                                         |                1 |              2 |         2.00 |
|  adc_clk                                       | i_scope/i_wr0/axi_wvalid_o_reg_1[0]                                                                                                                | i_scope/i_dfilt1_chb/SR[0]                                                                                              |                1 |              4 |         4.00 |
|  adc_clk                                       | i_scope/i_wr0/axi_wvalid_o_reg_2[0]                                                                                                                | i_scope/i_dfilt1_chb/SR[0]                                                                                              |                1 |              4 |         4.00 |
|  adc_clk                                       |                                                                                                                                                    | i_scope/i_wr0/clear                                                                                                     |                3 |              4 |         1.33 |
|  adc_clk                                       |                                                                                                                                                    | i_scope/i_wr1/clear                                                                                                     |                2 |              4 |         2.00 |
|  ps/system_i/processing_system7/inst/FCLK_CLK3 |                                                                                                                                                    | ps/system_i/axi_protocol_converter_0/inst/gen_axilite.gen_b2s_conv.axilite_b2s/SI_REG/aw.aw_pipe/aresetn_d_reg[0]_0     |                3 |              4 |         1.33 |
|  adc_clk                                       |                                                                                                                                                    | i_scope/axi_b_dat_sel                                                                                                   |                2 |              4 |         2.00 |
|  adc_clk                                       | i_scope/i_wr1/axi_wvalid_o_reg_1[0]                                                                                                                | i_scope/i_dfilt1_chb/SR[0]                                                                                              |                2 |              4 |         2.00 |
|  adc_clk                                       | i_scope/set_trig_src[3]_i_1_n_0                                                                                                                    | i_scope/i_dfilt1_chb/SR[0]                                                                                              |                1 |              4 |         4.00 |
|  adc_clk                                       | ps/axi_master[0]/axi_awpop                                                                                                                         | i_scope/i_dfilt1_chb/SR[0]                                                                                              |                1 |              4 |         4.00 |
|  adc_clk                                       | ps/axi_master[0]/axi_awpush                                                                                                                        | i_scope/i_dfilt1_chb/SR[0]                                                                                              |                1 |              4 |         4.00 |
|  ps/system_i/processing_system7/inst/FCLK_CLK3 |                                                                                                                                                    | ps/system_i/axi_protocol_converter_0/inst/gen_axilite.gen_b2s_conv.axilite_b2s/SI_REG/ar.ar_pipe/aresetn_d_reg[1]_inv_0 |                4 |              4 |         1.00 |
|  adc_clk                                       | i_scope/i_wr1/axi_wvalid_o_reg_2[0]                                                                                                                | i_scope/i_dfilt1_chb/SR[0]                                                                                              |                2 |              4 |         2.00 |
|  adc_clk                                       | ps/axi_master[0]/axi_wfill_lvl[3]_i_1__0_n_0                                                                                                       | i_scope/i_dfilt1_chb/SR[0]                                                                                              |                1 |              4 |         4.00 |
|  adc_clk                                       | ps/axi_master[0]/axi_rfill_lvl[3]_i_1__0_n_0                                                                                                       | i_scope/i_dfilt1_chb/SR[0]                                                                                              |                2 |              4 |         2.00 |
|  adc_clk                                       | ps/axi_master[1]/axi_awpush                                                                                                                        | i_scope/i_dfilt1_chb/SR[0]                                                                                              |                2 |              4 |         2.00 |
|  adc_clk                                       | ps/axi_master[0]/axi_wpop                                                                                                                          | i_scope/i_dfilt1_chb/SR[0]                                                                                              |                1 |              4 |         4.00 |
|  adc_clk                                       | ps/axi_master[1]/axi_rfill_lvl[3]_i_1_n_0                                                                                                          | i_scope/i_dfilt1_chb/SR[0]                                                                                              |                2 |              4 |         2.00 |
|  adc_clk                                       | ps/axi_master[1]/axi_wpop                                                                                                                          | i_scope/i_dfilt1_chb/SR[0]                                                                                              |                1 |              4 |         4.00 |
|  adc_clk                                       | ps/axi_master[0]/axi_awfill_lvl[3]_i_1__0_n_0                                                                                                      | i_scope/i_dfilt1_chb/SR[0]                                                                                              |                2 |              4 |         2.00 |
|  adc_clk                                       | ps/axi_master[1]/axi_wfill_lvl[3]_i_1_n_0                                                                                                          | i_scope/i_dfilt1_chb/SR[0]                                                                                              |                1 |              4 |         4.00 |
|  adc_clk                                       | ps/axi_master[1]/axi_awpop                                                                                                                         | i_scope/i_dfilt1_chb/SR[0]                                                                                              |                1 |              4 |         4.00 |
|  adc_clk                                       | ps/axi_slave_gp0/rd_araddr_reg[6]_2                                                                                                                | i_scope/i_dfilt1_chb/SR[0]                                                                                              |                1 |              4 |         4.00 |
|  i_daisy/i_rx/CLK                              |                                                                                                                                                    | i_daisy/i_rx/bitslip_cnt[3]_i_1_n_0                                                                                     |                1 |              4 |         4.00 |
|  ps/system_i/processing_system7/inst/FCLK_CLK3 | ps/system_i/xadc/inst/AXI_XADC_CORE_I/D[6]                                                                                                         | ps/system_i/xadc/inst/AXI_LITE_IPIF_I/I_SLAVE_ATTACHMENT/reset2ip_reset                                                 |                1 |              4 |         4.00 |
|  adc_clk                                       |                                                                                                                                                    | i_daisy/i_tx/R0                                                                                                         |                2 |              5 |         2.50 |
|  ps/system_i/processing_system7/inst/FCLK_CLK3 | ps/system_i/axi_protocol_converter_0/inst/gen_axilite.gen_b2s_conv.axilite_b2s/RD.r_channel_0/rd_data_fifo_0/cnt_read[4]_i_1_n_0                   | ps/system_i/axi_protocol_converter_0/inst/gen_axilite.gen_b2s_conv.axilite_b2s/areset_d1                                |                1 |              5 |         5.00 |
|  ps/system_i/processing_system7/inst/FCLK_CLK3 | ps/system_i/axi_protocol_converter_0/inst/gen_axilite.gen_b2s_conv.axilite_b2s/RD.r_channel_0/transaction_fifo_0/cnt_read[4]_i_1__0_n_0            | ps/system_i/axi_protocol_converter_0/inst/gen_axilite.gen_b2s_conv.axilite_b2s/areset_d1                                |                1 |              5 |         5.00 |
|  adc_clk                                       | i_scope/dec_avg_div_b/pipe_loop[1].pipe_dv_reg[1]__0                                                                                               | i_scope/dec_avg_div_b/pipe_loop[1].cnt[1][5]_i_1__0_n_0                                                                 |                1 |              5 |         5.00 |
|  adc_clk                                       | ps/axi_slave_gp0/ack_cnt[5]_i_2_n_0                                                                                                                | ps/axi_slave_gp0/ack_cnt[5]                                                                                             |                1 |              5 |         5.00 |
|  adc_clk                                       | i_scope/dec_avg_div_a/pipe_loop[1].pipe_dv_reg[1]__0                                                                                               | i_scope/dec_avg_div_a/pipe_loop[1].cnt[1][5]_i_1_n_0                                                                    |                1 |              5 |         5.00 |
|  ps/system_i/processing_system7/inst/FCLK_CLK3 |                                                                                                                                                    | ps/system_i/proc_sys_reset/U0/EXT_LPF/lpf_int                                                                           |                2 |              5 |         2.50 |
|  ps/system_i/processing_system7/inst/FCLK_CLK3 | ps/system_i/proc_sys_reset/U0/SEQ/seq_cnt_en                                                                                                       | ps/system_i/proc_sys_reset/U0/SEQ/SEQ_COUNTER/clear                                                                     |                1 |              6 |         6.00 |
|  adc_clk                                       | ps/axi_slave_gp0/E[0]                                                                                                                              | i_scope/i_dfilt1_chb/SR[0]                                                                                              |                2 |              6 |         3.00 |
|  adc_clk                                       | rstn                                                                                                                                               | ps/axi_slave_gp0/adc_rstn_reg_2                                                                                         |                3 |              6 |         2.00 |
|  adc_clk                                       | i_asg/ch[1]/ext_trig_debn[15]_i_1_n_0                                                                                                              | i_scope/i_dfilt1_chb/SR[0]                                                                                              |                3 |              7 |         2.33 |
|  ps/system_i/processing_system7/inst/FCLK_CLK3 |                                                                                                                                                    | ps/system_i/xadc/inst/AXI_LITE_IPIF_I/I_SLAVE_ATTACHMENT/dpto_cnt0                                                      |                2 |              7 |         3.50 |
|  adc_clk                                       | rstn                                                                                                                                               | ps/axi_slave_gp0/adc_rstn_reg_5                                                                                         |                3 |              7 |         2.33 |
|  adc_clk                                       | i_asg/ch[0]/ext_trig_debp[15]_i_1__0_n_0                                                                                                           | i_scope/i_dfilt1_chb/SR[0]                                                                                              |                3 |              7 |         2.33 |
|  adc_clk                                       | i_asg/ch[1]/ext_trig_debp[15]_i_1_n_0                                                                                                              | i_scope/i_dfilt1_chb/SR[0]                                                                                              |                3 |              7 |         2.33 |
|  adc_clk                                       | i_asg/ch[0]/ext_trig_debn[15]_i_1__0_n_0                                                                                                           | i_scope/i_dfilt1_chb/SR[0]                                                                                              |                3 |              7 |         2.33 |
|  adc_clk                                       | rstn                                                                                                                                               | ps/axi_slave_gp0/adc_rstn_reg_1                                                                                         |                4 |              7 |         1.75 |
|  adc_clk                                       |                                                                                                                                                    | i_asg/ch[1]/dly_tick[7]_i_1_n_0                                                                                         |                2 |              8 |         4.00 |
|  adc_clk                                       | ps/axi_slave_gp0/rd_araddr_reg[22]_4[0]                                                                                                            | i_scope/i_dfilt1_chb/SR[0]                                                                                              |                1 |              8 |         8.00 |
|  adc_clk                                       | i_scope/i_wr1/pop                                                                                                                                  | i_scope/i_wr1/clear                                                                                                     |                2 |              8 |         4.00 |
|  adc_clk                                       | ps/axi_slave_gp0/rd_araddr_reg[5]_15[0]                                                                                                            | i_scope/i_dfilt1_chb/SR[0]                                                                                              |                5 |              8 |         1.60 |
|  adc_clk                                       | i_scope/i_wr0/push                                                                                                                                 | i_scope/i_wr0/clear                                                                                                     |                2 |              8 |         4.00 |
|  adc_clk                                       | ps/axi_slave_gp0/rd_araddr_reg[22]_7[0]                                                                                                            | i_scope/i_dfilt1_chb/SR[0]                                                                                              |                2 |              8 |         4.00 |
|  ps/system_i/processing_system7/inst/FCLK_CLK3 | ps/system_i/axi_protocol_converter_0/inst/gen_axilite.gen_b2s_conv.axilite_b2s/WR.b_channel_0/mhandshake_r                                         | ps/system_i/axi_protocol_converter_0/inst/gen_axilite.gen_b2s_conv.axilite_b2s/WR.b_channel_0/bid_fifo_0/SR[0]          |                2 |              8 |         4.00 |
|  adc_clk                                       | i_scope/i_wr1/push                                                                                                                                 | i_scope/i_wr1/clear                                                                                                     |                2 |              8 |         4.00 |
|  adc_clk                                       | ps/axi_slave_gp0/rd_araddr_reg[22]_6[0]                                                                                                            | i_scope/i_dfilt1_chb/SR[0]                                                                                              |                1 |              8 |         8.00 |
|  adc_clk                                       | i_scope/i_wr1/dat_cnt[3]_i_1__0_n_0                                                                                                                | i_scope/i_wr1/clear                                                                                                     |                2 |              8 |         4.00 |
|  adc_clk                                       |                                                                                                                                                    | i_asg/ch[0]/dly_tick[7]_i_1__0_n_0                                                                                      |                2 |              8 |         4.00 |
|  adc_clk                                       | ps/axi_slave_gp0/bus\\.wen_reg_7[0]                                                                                                                | i_scope/i_dfilt1_chb/SR[0]                                                                                              |                5 |              8 |         1.60 |
|  adc_clk                                       | i_scope/i_wr0/pop                                                                                                                                  | i_scope/i_wr0/clear                                                                                                     |                2 |              8 |         4.00 |
|  adc_clk                                       | i_scope/i_wr0/dat_cnt[3]_i_1_n_0                                                                                                                   | i_scope/i_wr0/clear                                                                                                     |                3 |              8 |         2.67 |
|  adc_clk                                       | rstn                                                                                                                                               | ps/axi_slave_gp0/adc_rstn_reg_4                                                                                         |                3 |              8 |         2.67 |
|  adc_clk                                       | ps/axi_slave_gp0/rd_araddr_reg[5]_14[0]                                                                                                            | i_scope/i_dfilt1_chb/SR[0]                                                                                              |                5 |              8 |         1.60 |
|  adc_clk                                       | ps/axi_slave_gp0/rd_araddr_reg[5]_16[0]                                                                                                            | i_scope/i_dfilt1_chb/SR[0]                                                                                              |                4 |              8 |         2.00 |
|  adc_clk                                       | ps/axi_slave_gp0/rd_araddr_reg[22]_5[0]                                                                                                            | i_scope/i_dfilt1_chb/SR[0]                                                                                              |                3 |              8 |         2.67 |
|  adc_clk                                       | i_hk/sel                                                                                                                                           | i_scope/i_dfilt1_chb/SR[0]                                                                                              |                3 |              9 |         3.00 |
|  adc_clk                                       | i_scope/i_wr1/fill_lvl[8]_i_1__0_n_0                                                                                                               | i_scope/i_wr1/clear                                                                                                     |                3 |              9 |         3.00 |
|  adc_clk                                       | i_scope/i_wr0/fill_lvl[8]_i_1_n_0                                                                                                                  | i_scope/i_wr0/clear                                                                                                     |                3 |              9 |         3.00 |
|  ps/system_i/processing_system7/inst/FCLK_CLK3 |                                                                                                                                                    | ps/system_i/axi_protocol_converter_0/inst/gen_axilite.gen_b2s_conv.axilite_b2s/areset_d1                                |                5 |             10 |         2.00 |
|  adc_clk                                       | ps/axi_slave_gp0/rd_araddr_reg[3]_10                                                                                                               | i_scope/i_dfilt1_chb/SR[0]                                                                                              |                5 |             10 |         2.00 |
|  adc_clk                                       | i_scope/dec_avg_div_b/reg_Q[0][11]_i_1__0_n_0                                                                                                      |                                                                                                                         |                2 |             12 |         6.00 |
|  ps/system_i/processing_system7/inst/FCLK_CLK3 | ps/system_i/axi_protocol_converter_0/inst/gen_axilite.gen_b2s_conv.axilite_b2s/WR.aw_channel_0/aw_cmd_fsm_0/FSM_sequential_state_reg[1]_0[0]       |                                                                                                                         |                5 |             12 |         2.40 |
|  ps/system_i/processing_system7/inst/FCLK_CLK3 | ps/system_i/axi_protocol_converter_0/inst/gen_axilite.gen_b2s_conv.axilite_b2s/WR.aw_channel_0/cmd_translator_0/incr_cmd_0/axaddr_incr[11]_i_1_n_0 |                                                                                                                         |                3 |             12 |         4.00 |
|  adc_clk                                       | i_scope/dec_avg_div_a/reg_Q[0][11]_i_1_n_0                                                                                                         |                                                                                                                         |                2 |             12 |         6.00 |
|  adc_clk                                       | i_daisy/i_tx/par_dat_r[11]_i_1_n_0                                                                                                                 | i_daisy/i_tx/R0                                                                                                         |                2 |             12 |         6.00 |
|  ps/system_i/processing_system7/inst/FCLK_CLK3 | ps/system_i/axi_protocol_converter_0/inst/gen_axilite.gen_b2s_conv.axilite_b2s/RD.ar_channel_0/ar_cmd_fsm_0/E[0]                                   |                                                                                                                         |                4 |             12 |         3.00 |
|  ps/system_i/processing_system7/inst/FCLK_CLK3 | ps/system_i/axi_protocol_converter_0/inst/gen_axilite.gen_b2s_conv.axilite_b2s/RD.ar_channel_0/ar_cmd_fsm_0/sel_first_reg[0]                       |                                                                                                                         |                3 |             12 |         4.00 |
|  adc_clk                                       | i_asg/ch[1]/p_1_in__0_0                                                                                                                            | i_asg/ch[1]/ext_trig_debn[19]_i_1_n_0                                                                                   |                5 |             13 |         2.60 |
|  adc_clk                                       |                                                                                                                                                    | i_pid/i_pid22/int_reg[30]_i_1__2_n_0                                                                                    |                4 |             13 |         3.25 |
|  adc_clk                                       |                                                                                                                                                    | i_pid/i_pid22/pid_out[12]_i_1__2_n_0                                                                                    |                4 |             13 |         3.25 |
|  adc_clk                                       |                                                                                                                                                    | i_pid/out_2_sat[12]_i_1_n_0                                                                                             |                3 |             13 |         4.33 |
|  adc_clk                                       |                                                                                                                                                    | i_pid/out_1_sat[12]_i_1_n_0                                                                                             |                3 |             13 |         4.33 |
|  adc_clk                                       |                                                                                                                                                    | i_pid/i_pid11/pid_out[12]_i_1_n_0                                                                                       |                6 |             13 |         2.17 |
|  adc_clk                                       |                                                                                                                                                    | i_pid/i_pid12/int_reg[30]_i_1__1_n_0                                                                                    |                4 |             13 |         3.25 |
|  adc_clk                                       |                                                                                                                                                    | i_pid/i_pid12/pid_out[12]_i_1__1_n_0                                                                                    |                4 |             13 |         3.25 |
|  adc_clk                                       |                                                                                                                                                    | i_pid/i_pid21/int_reg[30]_i_1__0_n_0                                                                                    |                4 |             13 |         3.25 |
|  adc_clk                                       | i_asg/ch[0]/p_1_in__0                                                                                                                              | i_asg/ch[1]/ext_trig_in_reg[1][0]                                                                                       |                6 |             13 |         2.17 |
|  adc_clk                                       |                                                                                                                                                    | i_pid/i_pid11/int_reg[30]_i_1_n_0                                                                                       |                4 |             13 |         3.25 |
|  adc_clk                                       |                                                                                                                                                    | i_pid/i_pid21/pid_out[12]_i_1__0_n_0                                                                                    |                5 |             13 |         2.60 |
|  ps/system_i/processing_system7/inst/FCLK_CLK3 | ps/system_i/axi_protocol_converter_0/inst/gen_axilite.gen_b2s_conv.axilite_b2s/RD.r_channel_0/r_push_r                                             |                                                                                                                         |                4 |             13 |         3.25 |
|  adc_clk                                       | i_asg/ch[0]/ext_trig_debp_reg[5]_0                                                                                                                 | i_asg/ch[1]/ext_trig_in_reg[2]_1[0]                                                                                     |                5 |             13 |         2.60 |
|  adc_clk                                       | i_asg/ch[1]/ext_trig_debp[19]_i_2_n_0                                                                                                              | i_asg/ch[1]/ext_trig_debp[19]_i_1_n_0                                                                                   |                5 |             13 |         2.60 |
|  adc_clk                                       | ps/axi_slave_gp0/wr_awaddr_reg[9]_2[0]                                                                                                             | i_scope/i_dfilt1_chb/SR[0]                                                                                              |                3 |             14 |         4.67 |
|  adc_clk                                       | ps/axi_slave_gp0/wr_awaddr_reg[9]_0[0]                                                                                                             | i_scope/i_dfilt1_chb/SR[0]                                                                                              |                5 |             14 |         2.80 |
|  adc_clk                                       | ps/axi_slave_gp0/wr_awaddr_reg[8]_2[0]                                                                                                             | i_scope/i_dfilt1_chb/SR[0]                                                                                              |                4 |             14 |         3.50 |
|  adc_clk                                       | ps/axi_slave_gp0/wr_awaddr_reg[9]_1[0]                                                                                                             | i_scope/i_dfilt1_chb/SR[0]                                                                                              |                6 |             14 |         2.33 |
|  adc_clk                                       | ps/axi_slave_gp0/wr_awaddr_reg[7]_0[0]                                                                                                             | i_scope/i_dfilt1_chb/SR[0]                                                                                              |                5 |             14 |         2.80 |
|  adc_clk                                       | ps/axi_slave_gp0/wr_awaddr_reg[8]_1[0]                                                                                                             | i_scope/i_dfilt1_chb/SR[0]                                                                                              |                4 |             14 |         3.50 |
|  adc_clk                                       | ps/axi_slave_gp0/rd_araddr_reg[3]_4[0]                                                                                                             | i_scope/i_dfilt1_chb/SR[0]                                                                                              |                6 |             14 |         2.33 |
|  adc_clk                                       | i_scope/axi_a_dat[15]_i_1_n_0                                                                                                                      |                                                                                                                         |                4 |             14 |         3.50 |
|  adc_clk                                       | i_scope/axi_a_dat[47]_i_1_n_0                                                                                                                      |                                                                                                                         |                3 |             14 |         4.67 |
|  adc_clk                                       | i_scope/axi_a_dat_dv0                                                                                                                              |                                                                                                                         |                2 |             14 |         7.00 |
|  adc_clk                                       | i_scope/axi_a_dat[31]_i_1_n_0                                                                                                                      |                                                                                                                         |                4 |             14 |         3.50 |
|  adc_clk                                       | i_scope/axi_b_dat[15]_i_1_n_0                                                                                                                      |                                                                                                                         |                2 |             14 |         7.00 |
|  adc_clk                                       | i_scope/axi_b_dat[31]_i_1_n_0                                                                                                                      |                                                                                                                         |                2 |             14 |         7.00 |
|  adc_clk                                       | i_scope/axi_b_dat[47]_i_1_n_0                                                                                                                      |                                                                                                                         |                3 |             14 |         4.67 |
|  adc_clk                                       | i_scope/axi_b_dat_dv0                                                                                                                              |                                                                                                                         |                5 |             14 |         2.80 |
|  adc_clk                                       | rstn                                                                                                                                               | ps/axi_slave_gp0/adc_rstn_reg_3                                                                                         |                9 |             14 |         1.56 |
|  adc_clk                                       |                                                                                                                                                    | i_asg/set_a_zero_reg_0[2]                                                                                               |                5 |             14 |         2.80 |
|  adc_clk                                       |                                                                                                                                                    | i_asg/r0_rd[23]                                                                                                         |                8 |             14 |         1.75 |
|  adc_clk                                       | i_scope/adc_wp_trig0                                                                                                                               | i_scope/axi_b_dat_sel                                                                                                   |                7 |             14 |         2.00 |
|  adc_clk                                       | ps/axi_slave_gp0/bus\\.wen_reg_5[0]                                                                                                                | i_scope/i_dfilt1_chb/SR[0]                                                                                              |                6 |             14 |         2.33 |
|  adc_clk                                       | i_scope/dec_avg_div_a/q_o[13]_i_1_n_0                                                                                                              |                                                                                                                         |                4 |             14 |         3.50 |
|  adc_clk                                       | ps/axi_slave_gp0/bus\\.wen_reg_4[0]                                                                                                                | i_scope/i_dfilt1_chb/SR[0]                                                                                              |                6 |             14 |         2.33 |
|  adc_clk                                       | ps/axi_slave_gp0/rd_araddr_reg[22]_1[0]                                                                                                            | i_scope/i_dfilt1_chb/SR[0]                                                                                              |                6 |             14 |         2.33 |
|  adc_clk                                       | ps/axi_slave_gp0/rd_araddr_reg[22]_2[0]                                                                                                            | i_scope/i_dfilt1_chb/SR[0]                                                                                              |                2 |             14 |         7.00 |
|  adc_clk                                       | ps/axi_slave_gp0/rd_araddr_reg[4]_14[0]                                                                                                            | i_scope/i_dfilt1_chb/SR[0]                                                                                              |                7 |             14 |         2.00 |
|  ps/system_i/processing_system7/inst/FCLK_CLK3 | ps/system_i/axi_protocol_converter_0/inst/gen_axilite.gen_b2s_conv.axilite_b2s/SI_REG/b.b_pipe/p_1_in                                              |                                                                                                                         |                2 |             14 |         7.00 |
|  ps/system_i/processing_system7/inst/FCLK_CLK3 | ps/system_i/axi_protocol_converter_0/inst/gen_axilite.gen_b2s_conv.axilite_b2s/SI_REG/b.b_pipe/s_ready_i_reg_0                                     |                                                                                                                         |                2 |             14 |         7.00 |
|  adc_clk                                       | ps/axi_slave_gp0/rd_araddr_reg[3]_15[0]                                                                                                            | i_scope/i_dfilt1_chb/SR[0]                                                                                              |                7 |             14 |         2.00 |
|  adc_clk                                       | ps/axi_slave_gp0/rd_araddr_reg[8]_2[0]                                                                                                             | i_scope/i_dfilt1_chb/SR[0]                                                                                              |                3 |             14 |         4.67 |
|  adc_clk                                       | ps/axi_slave_gp0/rd_araddr_reg[7]_1[0]                                                                                                             | i_scope/i_dfilt1_chb/SR[0]                                                                                              |                3 |             14 |         4.67 |
|  adc_clk                                       | ps/axi_slave_gp0/rd_araddr_reg[5]_11[0]                                                                                                            | i_scope/i_dfilt1_chb/SR[0]                                                                                              |                4 |             14 |         3.50 |
|  adc_clk                                       | i_scope/dec_avg_div_b/q_o[13]_i_1__0_n_0                                                                                                           |                                                                                                                         |                4 |             14 |         3.50 |
|  adc_clk                                       | ps/axi_slave_gp0/rd_araddr_reg[4]_13[0]                                                                                                            | i_scope/i_dfilt1_chb/SR[0]                                                                                              |                7 |             14 |         2.00 |
|  adc_clk                                       | ps/axi_slave_gp0/rd_araddr_reg[5]_12[0]                                                                                                            | i_scope/i_dfilt1_chb/SR[0]                                                                                              |                4 |             14 |         3.50 |
|  adc_clk                                       | ps/axi_slave_gp0/rd_araddr_reg[5]_10[0]                                                                                                            | i_scope/i_dfilt1_chb/SR[0]                                                                                              |                5 |             14 |         2.80 |
|  adc_clk                                       | ps/axi_slave_gp0/wr_awaddr_reg[17]_1[0]                                                                                                            | i_scope/i_dfilt1_chb/SR[0]                                                                                              |                7 |             14 |         2.00 |
|  adc_clk                                       | ps/axi_slave_gp0/wr_awaddr_reg[1]_2[0]                                                                                                             | i_scope/i_dfilt1_chb/SR[0]                                                                                              |                3 |             14 |         4.67 |
|  adc_clk                                       | ps/axi_slave_gp0/wr_awaddr_reg[17]_0[0]                                                                                                            | i_scope/i_dfilt1_chb/SR[0]                                                                                              |                7 |             14 |         2.00 |
|  adc_clk                                       | ps/axi_slave_gp0/wr_awaddr_reg[1]_4[0]                                                                                                             | i_scope/i_dfilt1_chb/SR[0]                                                                                              |                7 |             16 |         2.29 |
|  adc_clk                                       | ps/axi_slave_gp0/wr_awaddr_reg[7]_1[0]                                                                                                             | i_scope/i_dfilt1_chb/SR[0]                                                                                              |                4 |             16 |         4.00 |
|  adc_clk                                       | i_asg/ch[0]/rep_cnt[15]_i_1__0_n_0                                                                                                                 | i_scope/i_dfilt1_chb/SR[0]                                                                                              |                7 |             16 |         2.29 |
|  adc_clk                                       | ps/axi_slave_gp0/wr_awaddr_reg[7]_2[0]                                                                                                             | i_scope/i_dfilt1_chb/SR[0]                                                                                              |                4 |             16 |         4.00 |
|  adc_clk                                       | ps/axi_slave_gp0/wr_awaddr_reg[7]_3[0]                                                                                                             | i_scope/i_dfilt1_chb/SR[0]                                                                                              |                5 |             16 |         3.20 |
|  ps/system_i/processing_system7/inst/FCLK_CLK3 |                                                                                                                                                    | ps/system_i/xadc/inst/AXI_XADC_CORE_I/do_reg[15]_i_1_n_0                                                                |                4 |             16 |         4.00 |
|  adc_clk                                       | i_asg/ch[0]/cyc_cnt[15]_i_1__0_n_0                                                                                                                 | i_scope/i_dfilt1_chb/SR[0]                                                                                              |                4 |             16 |         4.00 |
|  adc_clk                                       | i_asg/ch[1]/rep_cnt[15]_i_1_n_0                                                                                                                    | i_scope/i_dfilt1_chb/SR[0]                                                                                              |                6 |             16 |         2.67 |
|  adc_clk                                       | i_daisy/tx_rx_dv0                                                                                                                                  | i_scope/i_dfilt1_chb/SR[0]                                                                                              |                3 |             16 |         5.33 |
|  i_daisy/i_rx/CLK                              | i_daisy/i_rx/par_val                                                                                                                               | i_daisy/i_rx/SR[0]                                                                                                      |                3 |             16 |         5.33 |
|  adc_clk                                       | ps/axi_slave_gp0/wr_awaddr_reg[7]_4[0]                                                                                                             | i_scope/i_dfilt1_chb/SR[0]                                                                                              |                5 |             16 |         3.20 |
|  ps/system_i/processing_system7/inst/FCLK_CLK3 | ps/system_i/axi_protocol_converter_0/inst/gen_axilite.gen_b2s_conv.axilite_b2s/WR.b_channel_0/bid_fifo_0/sel                                       |                                                                                                                         |                3 |             16 |         5.33 |
|  adc_clk                                       |                                                                                                                                                    | i_scope/adc_dec_cnt[16]                                                                                                 |                4 |             16 |         4.00 |
|  adc_clk                                       | i_daisy/i_test/E[0]                                                                                                                                | i_scope/i_dfilt1_chb/SR[0]                                                                                              |                4 |             16 |         4.00 |
|  adc_clk                                       | i_asg/ch[1]/cyc_cnt[15]_i_1_n_0                                                                                                                    | i_scope/i_dfilt1_chb/SR[0]                                                                                              |                4 |             16 |         4.00 |
|  adc_clk                                       | i_scope/dec_avg_div_a/pipe_loop[1].reg_Y[1][16]_i_1_n_0                                                                                            |                                                                                                                         |                5 |             17 |         3.40 |
|  adc_clk                                       | i_scope/dec_avg_div_b/pipe_loop[1].reg_Y[1][16]_i_1__0_n_0                                                                                         |                                                                                                                         |                5 |             17 |         3.40 |
|  adc_clk                                       | ps/axi_slave_gp0/rd_araddr_reg[3]_6[0]                                                                                                             | i_scope/i_dfilt1_chb/SR[0]                                                                                              |                6 |             17 |         2.83 |
|  i_daisy/i_rx/par_clk                          |                                                                                                                                                    | i_daisy/i_rx/i_iserdese_i_2_n_0                                                                                         |                4 |             17 |         4.25 |
|  i_daisy/txp_dv_reg_i_2_n_0                    |                                                                                                                                                    |                                                                                                                         |                6 |             17 |         2.83 |
|  ps/system_i/processing_system7/inst/FCLK_CLK3 | ps/system_i/xadc/inst/AXI_LITE_IPIF_I/I_SLAVE_ATTACHMENT/I_DECODER/E[0]                                                                            | ps/system_i/xadc/inst/AXI_LITE_IPIF_I/I_SLAVE_ATTACHMENT/reset2ip_reset                                                 |                6 |             17 |         2.83 |
|  adc_clk                                       | i_scope/dec_avg_div_a/SR[0]                                                                                                                        |                                                                                                                         |                4 |             17 |         4.25 |
|  adc_clk                                       | ps/axi_slave_gp0/rd_araddr_reg[4]_5[0]                                                                                                             | i_scope/i_dfilt1_chb/SR[0]                                                                                              |                7 |             18 |         2.57 |
|  adc_clk                                       | ps/axi_slave_gp0/wr_awaddr_reg[1]_5[0]                                                                                                             | i_scope/i_dfilt1_chb/SR[0]                                                                                              |               13 |             18 |         1.38 |
|  adc_clk                                       | ps/axi_slave_gp0/bus\\.wen_reg_6[0]                                                                                                                | i_scope/i_dfilt1_chb/SR[0]                                                                                              |                4 |             19 |         4.75 |
|  adc_clk                                       | i_daisy/tx_cfg_sel0                                                                                                                                | i_scope/i_dfilt1_chb/SR[0]                                                                                              |                6 |             19 |         3.17 |
|  adc_clk                                       | i_scope/ext_trig_debn[0]_i_1_n_0                                                                                                                   | i_scope/i_dfilt1_chb/SR[0]                                                                                              |                5 |             20 |         4.00 |
|  adc_clk                                       | i_scope/asg_trig_debp[0]_i_1_n_0                                                                                                                   | i_scope/i_dfilt1_chb/SR[0]                                                                                              |                5 |             20 |         4.00 |
|  adc_clk                                       | i_scope/asg_trig_debn[0]_i_1_n_0                                                                                                                   | i_scope/i_dfilt1_chb/SR[0]                                                                                              |                5 |             20 |         4.00 |
|  adc_clk                                       | ps/axi_slave_gp0/rd_araddr_reg[22]_0[0]                                                                                                            | i_scope/i_dfilt1_chb/SR[0]                                                                                              |                9 |             20 |         2.22 |
|  i_daisy/i_rx/par_clk                          |                                                                                                                                                    |                                                                                                                         |                5 |             20 |         4.00 |
|  ps/system_i/processing_system7/inst/FCLK_CLK3 | ps/system_i/axi_protocol_converter_0/inst/gen_axilite.gen_b2s_conv.axilite_b2s/RD.r_channel_0/rd_data_fifo_0/wr_en0                                |                                                                                                                         |                9 |             20 |         2.22 |
|  ps/system_i/processing_system7/inst/FCLK_CLK3 | ps/system_i/xadc/inst/AXI_LITE_IPIF_I/I_SLAVE_ATTACHMENT/s_axi_rresp_i                                                                             | ps/system_i/xadc/inst/AXI_LITE_IPIF_I/I_SLAVE_ATTACHMENT/SR[0]                                                          |                6 |             20 |         3.33 |
|  adc_clk                                       | i_scope/ext_trig_debp[0]_i_1_n_0                                                                                                                   | i_scope/i_dfilt1_chb/SR[0]                                                                                              |                5 |             20 |         4.00 |
|  adc_clk                                       | i_scope/dec_avg_div_a/cnt                                                                                                                          | i_scope/dec_avg_div_a/SR[0]                                                                                             |                7 |             24 |         3.43 |
|  adc_clk                                       | i_scope/dec_avg_div_b/cnt                                                                                                                          | i_scope/dec_avg_div_a/SR[0]                                                                                             |                7 |             24 |         3.43 |
|  ps/system_i/processing_system7/inst/FCLK_CLK3 | ps/system_i/axi_protocol_converter_0/inst/gen_axilite.gen_b2s_conv.axilite_b2s/RD.ar_channel_0/ar_cmd_fsm_0/m_valid_i_reg[0]                       |                                                                                                                         |               10 |             24 |         2.40 |
|  ps/system_i/processing_system7/inst/FCLK_CLK3 | ps/system_i/axi_protocol_converter_0/inst/gen_axilite.gen_b2s_conv.axilite_b2s/WR.aw_channel_0/aw_cmd_fsm_0/E[0]                                   |                                                                                                                         |                9 |             24 |         2.67 |
|  adc_clk                                       | ps/axi_slave_gp0/rd_araddr_reg[8]_0[0]                                                                                                             | i_scope/i_dfilt1_chb/SR[0]                                                                                              |                9 |             25 |         2.78 |
|  ps/system_i/processing_system7/inst/FCLK_CLK3 | ps/system_i/xadc/inst/AXI_LITE_IPIF_I/I_SLAVE_ATTACHMENT/I_DECODER/start                                                                           | ps/system_i/xadc/inst/AXI_LITE_IPIF_I/I_SLAVE_ATTACHMENT/I_DECODER/cs_ce_clr                                            |               12 |             25 |         2.08 |
|  adc_clk                                       | ps/axi_slave_gp0/rd_araddr_reg[4]_10[0]                                                                                                            | i_scope/i_dfilt1_chb/SR[0]                                                                                              |               13 |             25 |         1.92 |
|  adc_clk                                       | ps/axi_slave_gp0/rd_araddr_reg[5]_6[0]                                                                                                             | i_scope/i_dfilt1_chb/SR[0]                                                                                              |                7 |             25 |         3.57 |
|  adc_clk                                       | ps/axi_slave_gp0/wr_awaddr_reg[1]_1[0]                                                                                                             | i_scope/i_dfilt1_chb/SR[0]                                                                                              |               16 |             25 |         1.56 |
|  adc_clk                                       | ps/axi_slave_gp0/rd_araddr_reg[5]_5[0]                                                                                                             | i_scope/i_dfilt1_chb/SR[0]                                                                                              |               12 |             25 |         2.08 |
|  adc_clk                                       | ps/axi_slave_gp0/rd_araddr_reg[4]_8[0]                                                                                                             | i_scope/i_dfilt1_chb/SR[0]                                                                                              |               15 |             25 |         1.67 |
|  ps/system_i/processing_system7/inst/FCLK_CLK3 |                                                                                                                                                    | ps/system_i/xadc/inst/AXI_LITE_IPIF_I/I_SLAVE_ATTACHMENT/SR[0]                                                          |                9 |             26 |         2.89 |
|  adc_clk                                       | ps/axi_slave_gp0/rd_araddr_reg[3]_11[0]                                                                                                            | i_scope/i_dfilt1_chb/SR[0]                                                                                              |                7 |             28 |         4.00 |
|  adc_clk                                       | ps/axi_slave_gp0/adc_rstn_reg_0[0]                                                                                                                 |                                                                                                                         |               11 |             28 |         2.55 |
|  adc_clk                                       | i_scope/div_dat_got                                                                                                                                | i_scope/i_dfilt1_chb/SR[0]                                                                                              |                8 |             28 |         3.50 |
|  adc_clk                                       | i_scope/p_0_in27_out                                                                                                                               | i_scope/axi_b_dat_sel                                                                                                   |                7 |             28 |         4.00 |
|  adc_clk                                       | ps/axi_slave_gp0/rd_araddr_reg[3]_13[0]                                                                                                            | i_scope/i_dfilt1_chb/SR[0]                                                                                              |                8 |             28 |         3.50 |
|  dac_clk_1x                                    |                                                                                                                                                    |                                                                                                                         |                8 |             29 |         3.63 |
|  i_daisy/i_rx/CLK                              |                                                                                                                                                    | i_daisy/i_rx/SR[0]                                                                                                      |                7 |             29 |         4.14 |
|  adc_clk                                       | ps/axi_slave_gp0/rd_araddr_reg[3]_9[0]                                                                                                             | i_scope/i_dfilt1_chb/SR[0]                                                                                              |               11 |             30 |         2.73 |
|  adc_clk                                       | ps/axi_slave_gp0/bus\\.wen_reg_3[0]                                                                                                                | i_scope/i_dfilt1_chb/SR[0]                                                                                              |                8 |             30 |         3.75 |
|  adc_clk                                       | ps/axi_slave_gp0/rd_araddr_reg[5]_9[0]                                                                                                             | i_scope/i_dfilt1_chb/SR[0]                                                                                              |               13 |             30 |         2.31 |
|  adc_clk                                       | i_asg/ch[1]/dac_pnt[29]_i_1_n_0                                                                                                                    | i_scope/i_dfilt1_chb/SR[0]                                                                                              |               10 |             30 |         3.00 |
|  adc_clk                                       | ps/axi_slave_gp0/rd_araddr_reg[2]_2[0]                                                                                                             | i_scope/i_dfilt1_chb/SR[0]                                                                                              |                8 |             30 |         3.75 |
|  adc_clk                                       | ps/axi_slave_gp0/rd_araddr_reg[3]_12[0]                                                                                                            | i_scope/i_dfilt1_chb/SR[0]                                                                                              |               12 |             30 |         2.50 |
|  adc_clk                                       | i_asg/ch[0]/dac_pnt[29]_i_1__0_n_0                                                                                                                 | i_scope/i_dfilt1_chb/SR[0]                                                                                              |                9 |             30 |         3.33 |
|  adc_clk                                       | ps/axi_slave_gp0/wr_awaddr_reg[8]_0[0]                                                                                                             | i_scope/i_dfilt1_chb/SR[0]                                                                                              |               10 |             30 |         3.00 |
|  adc_clk                                       | i_scope/set_a_axi_trig0                                                                                                                            | i_scope/adc_rst_do                                                                                                      |               15 |             31 |         2.07 |
|  adc_clk                                       | i_scope/set_b_axi_trig0                                                                                                                            | i_scope/adc_rst_do                                                                                                      |               14 |             31 |         2.21 |
|  adc_clk                                       | i_scope/axi_a_dly_cnt[0]_i_1_n_0                                                                                                                   | i_scope/i_dfilt1_chb/SR[0]                                                                                              |                8 |             32 |         4.00 |
|  ps/system_i/processing_system7/inst/FCLK_CLK3 | ps/system_i/axi_protocol_converter_0/inst/gen_axilite.gen_b2s_conv.axilite_b2s/WR.b_channel_0/bid_fifo_0/E[0]                                      |                                                                                                                         |                9 |             32 |         3.56 |
|  adc_clk                                       | ps/axi_slave_gp0/bus\\.wen_reg_2[0]                                                                                                                | i_scope/i_dfilt1_chb/SR[0]                                                                                              |               10 |             32 |         3.20 |
|  adc_clk                                       | ps/axi_slave_gp0/bus\\.wen_reg_1[0]                                                                                                                | i_scope/i_dfilt1_chb/SR[0]                                                                                              |                9 |             32 |         3.56 |
|  adc_clk                                       | ps/axi_slave_gp0/rd_araddr_reg[5]_3[0]                                                                                                             |                                                                                                                         |               10 |             32 |         3.20 |
|  adc_clk                                       | ps/axi_slave_gp0/rd_araddr_reg[4]_9[0]                                                                                                             |                                                                                                                         |               12 |             32 |         2.67 |
|  adc_clk                                       | ps/axi_slave_gp0/rd_araddr_reg[5]_4[0]                                                                                                             |                                                                                                                         |               10 |             32 |         3.20 |
|  adc_clk                                       | ps/axi_slave_gp0/rd_araddr_reg[4]_4[0]                                                                                                             |                                                                                                                         |               12 |             32 |         2.67 |
|  adc_clk                                       | i_scope/axi_b_dly_cnt[0]_i_1_n_0                                                                                                                   | i_scope/i_dfilt1_chb/SR[0]                                                                                              |                8 |             32 |         4.00 |
|  adc_clk                                       | ps/axi_slave_gp0/wr_awaddr_reg[0]_0[0]                                                                                                             | i_scope/i_dfilt1_chb/SR[0]                                                                                              |                8 |             32 |         4.00 |
|  adc_clk                                       | i_asg/ch[0]/dly_cnt[0]_i_1__0_n_0                                                                                                                  | i_scope/i_dfilt1_chb/SR[0]                                                                                              |                8 |             32 |         4.00 |
|  adc_clk                                       | i_scope/i_wr0/E[0]                                                                                                                                 |                                                                                                                         |               10 |             32 |         3.20 |
|  adc_clk                                       | i_scope/i_wr1/E[0]                                                                                                                                 |                                                                                                                         |               12 |             32 |         2.67 |
|  ps/system_i/processing_system7/inst/FCLK_CLK3 | ps/system_i/axi_protocol_converter_0/inst/gen_axilite.gen_b2s_conv.axilite_b2s/RD.ar_channel_0/ar_cmd_fsm_0/m_valid_i_reg_1[0]                     |                                                                                                                         |                8 |             32 |         4.00 |
|  adc_clk                                       | ps/axi_slave_gp0/rd_araddr_reg[3]_5[0]                                                                                                             |                                                                                                                         |                9 |             32 |         3.56 |
|  adc_clk                                       | i_scope/dec_avg_div_a/reg_X[0][31]_i_1_n_0                                                                                                         |                                                                                                                         |                7 |             32 |         4.57 |
|  adc_clk                                       | i_scope/dec_avg_div_b/reg_X[0][31]_i_1__0_n_0                                                                                                      |                                                                                                                         |                5 |             32 |         6.40 |
|  adc_clk                                       | i_scope/adc_dly_cnt[0]_i_1_n_0                                                                                                                     | i_scope/i_dfilt1_chb/SR[0]                                                                                              |                8 |             32 |         4.00 |
|  adc_clk                                       | i_scope/adc_we_cnt[0]_i_2_n_0                                                                                                                      | i_scope/adc_we_cnt[0]_i_1_n_0                                                                                           |                8 |             32 |         4.00 |
|  ps/system_i/processing_system7/inst/FCLK_CLK3 | ps/system_i/axi_protocol_converter_0/inst/gen_axilite.gen_b2s_conv.axilite_b2s/SI_REG/ar.ar_pipe/s_ready_i_reg_0                                   |                                                                                                                         |               12 |             32 |         2.67 |
|  ps/system_i/processing_system7/inst/FCLK_CLK3 | ps/system_i/axi_protocol_converter_0/inst/gen_axilite.gen_b2s_conv.axilite_b2s/SI_REG/aw.aw_pipe/s_ready_i_reg_0                                   |                                                                                                                         |                8 |             32 |         4.00 |
|  adc_clk                                       | i_asg/ch[1]/dly_cnt[0]_i_1_n_0                                                                                                                     | i_scope/i_dfilt1_chb/SR[0]                                                                                              |                8 |             32 |         4.00 |
|  adc_clk                                       | ps/axi_slave_gp0/adc_rstn_reg[0]                                                                                                                   |                                                                                                                         |               11 |             32 |         2.91 |
|  i_daisy/i_rx/CLK                              | i_daisy/i_test/rx_err_inc                                                                                                                          | i_daisy/i_test/rx_err_cnt[0]_i_1_n_0                                                                                    |                8 |             32 |         4.00 |
|  adc_clk                                       |                                                                                                                                                    | ps/axi_slave_gp0/rd_araddr_reg[19]_0                                                                                    |               15 |             32 |         2.13 |
|  i_daisy/i_rx/CLK                              | i_daisy/i_test/rx_dat_inc                                                                                                                          | i_daisy/i_test/rx_dat_cnt[0]_i_1_n_0                                                                                    |                8 |             32 |         4.00 |
|  ps/system_i/processing_system7/inst/FCLK_CLK3 | ps/system_i/axi_protocol_converter_0/inst/gen_axilite.gen_b2s_conv.axilite_b2s/SI_REG/r.r_pipe/s_ready_i_reg_0                                     |                                                                                                                         |                5 |             33 |         6.60 |
|  ps/system_i/processing_system7/inst/FCLK_CLK3 | ps/system_i/axi_protocol_converter_0/inst/gen_axilite.gen_b2s_conv.axilite_b2s/SI_REG/r.r_pipe/p_1_in                                              |                                                                                                                         |                6 |             33 |         5.50 |
|  adc_clk                                       | ps/axi_slave_gp0/wr_awid                                                                                                                           |                                                                                                                         |               10 |             35 |         3.50 |
|  adc_clk                                       | ps/axi_slave_gp0/rd_arid                                                                                                                           |                                                                                                                         |               10 |             35 |         3.50 |
|  adc_clk                                       | ps/axi_master[0]/axi_awaddr_o0_in                                                                                                                  | ps/axi_master[0]/axi_awaddr_o[31]_i_1__0_n_0                                                                            |                6 |             36 |         6.00 |
|  adc_clk                                       | ps/axi_master[1]/axi_awaddr_o0_in                                                                                                                  | ps/axi_master[1]/axi_awaddr_o[31]_i_1_n_0                                                                               |                6 |             36 |         6.00 |
|  adc_clk                                       | ps/axi_slave_gp0/wr_wdata                                                                                                                          |                                                                                                                         |               22 |             52 |         2.36 |
|  adc_clk                                       | ps/axi_master[1]/axi_awfifo_reg_0_15_0_5_i_1_n_0                                                                                                   |                                                                                                                         |                7 |             56 |         8.00 |
|  adc_clk                                       | ps/axi_master[0]/axi_awfifo_reg_0_15_0_5_i_1__0_n_0                                                                                                |                                                                                                                         |                7 |             56 |         8.00 |
|  adc_clk                                       | i_hk/dna_value0                                                                                                                                    | i_scope/i_dfilt1_chb/SR[0]                                                                                              |               13 |             57 |         4.38 |
|  adc_clk                                       | i_scope/i_wr1/next_address                                                                                                                         |                                                                                                                         |               19 |             62 |         3.26 |
|  adc_clk                                       | i_scope/i_wr0/next_address                                                                                                                         |                                                                                                                         |               19 |             62 |         3.26 |
|  adc_clk                                       | i_scope/dec_avg_div_b/pipe_loop[1].reg_X[1][31]_i_1__0_n_0                                                                                         |                                                                                                                         |               18 |             63 |         3.50 |
|  adc_clk                                       | i_scope/dec_avg_div_a/pipe_loop[1].reg_X[1][31]_i_1_n_0                                                                                            |                                                                                                                         |               18 |             63 |         3.50 |
|  adc_clk                                       | i_scope/i_wr1/clear                                                                                                                                |                                                                                                                         |               24 |             64 |         2.67 |
|  adc_clk                                       | i_scope/dat_got0                                                                                                                                   | i_scope/i_dfilt1_chb/SR[0]                                                                                              |               22 |             64 |         2.91 |
|  adc_clk                                       | i_scope/dat_got                                                                                                                                    | i_scope/i_dfilt1_chb/SR[0]                                                                                              |               16 |             64 |         4.00 |
|  adc_clk                                       | i_scope/i_wr0/clear                                                                                                                                |                                                                                                                         |               24 |             64 |         2.67 |
|  adc_clk                                       | ps/axi_master[1]/axi_wdata_o0_in                                                                                                                   | ps/axi_master[1]/axi_wdata_o[63]_i_1_n_0                                                                                |               13 |             66 |         5.08 |
|  adc_clk                                       | ps/axi_master[0]/axi_wdata_o0_in                                                                                                                   | ps/axi_master[0]/axi_wdata_o[63]_i_1__0_n_0                                                                             |               13 |             66 |         5.08 |
|  adc_clk                                       | ps/axi_master[1]/axi_wfifo_reg_0_15_0_5_i_1_n_0                                                                                                    |                                                                                                                         |               12 |             96 |         8.00 |
|  adc_clk                                       | ps/axi_master[0]/axi_wfifo_reg_0_15_0_5_i_1__0_n_0                                                                                                 |                                                                                                                         |               12 |             96 |         8.00 |
|  ps/system_i/processing_system7/inst/FCLK_CLK3 |                                                                                                                                                    | ps/system_i/xadc/inst/AXI_LITE_IPIF_I/I_SLAVE_ATTACHMENT/reset2ip_reset                                                 |               33 |            115 |         3.48 |
|  ps/system_i/processing_system7/inst/FCLK_CLK3 |                                                                                                                                                    |                                                                                                                         |               43 |            117 |         2.72 |
|  i_daisy/i_rx/CLK                              |                                                                                                                                                    |                                                                                                                         |               32 |            118 |         3.69 |
|  adc_clk                                       | rstn                                                                                                                                               |                                                                                                                         |               85 |            192 |         2.26 |
|  adc_clk                                       |                                                                                                                                                    |                                                                                                                         |               80 |            235 |         2.94 |
|  adc_clk                                       |                                                                                                                                                    | i_scope/i_dfilt1_chb/SR[0]                                                                                              |              215 |            783 |         3.64 |
+------------------------------------------------+----------------------------------------------------------------------------------------------------------------------------------------------------+-------------------------------------------------------------------------------------------------------------------------+------------------+----------------+--------------+


